---
source: tests/conformance.rs
expression: "format_output_snapshot(case.text, &annotated)"
---
case --- 
["\a"]
stdout --- 
<empty>
stderr --- 
error: expected escapable sequence, found `a`.
       valid escapes are `\"`, `\\`, `\/`, `\b`, `\f`, `\n`, `\r`, `\t` or `\uXXXX` (4 hex digits)
 --> stdin:1:4
  |
1 | ["\a"]
  |  --^
  |  ||
  |  |escape slash found here
  |  opening quote found here
