---
source: tests/conformance.rs
expression: "format_output_snapshot(&case.text, &annotated)"
---
case --- 
{"x":[{"id": "xxxxxxxxxxxxxxxxxxxxxxxxxxxxxxxxxxxxxxxx"}], "id": "xxxxxxxxxxxxxxxxxxxxxxxxxxxxxxxxxxxxxxxx"}
stdout --- 
{
    "x": [{
            "id": "xxxxxxxxxxxxxxxxxxxxxxxxxxxxxxxxxxxxxxxx"
        }],
    "id": "xxxxxxxxxxxxxxxxxxxxxxxxxxxxxxxxxxxxxxxx"
}
stderr --- 
<empty>
