---
source: tests/conformance.rs
expression: "format_output_snapshot(&case.text, &annotated)"
---
case --- 
{"a"
stdout --- 
<empty>
stderr --- 
error: expected colon after key, found no significant characters
 --> stdin:1:4
  |
1 | {"a"
  |  --^
  |  |
  |  expected due to `"a"`
  |
help: insert colon, placeholder value, and closing curly brace
  |
1 | {"a": "garlic bread" }
  |     ++++++++++++++++++
