---
source: tests/integration/conformance.rs
expression: output.snapshot_display()
---
args: ["format", "--uglify"]
status: 1
success: false
stdin ---
{"x"::"b"}
stdout ---

stderr ---
error: expected json value, found `:`
 --> stdin:1:6
  |
1 | {"x"::"b"}
  |     -^
  |     |
  |     expected due to `:`
