---
source: tests/integration/conformance.rs
expression: output
---
args: []
status: 1
success: false
stdin ---
[""],
stdout ---

stderr ---
error: unexpected token `,` after json finished
 --> stdin:1:5
  |
1 | [""],
  |     ^
  |
help: consider removing the trailing content (starting with `,`)
  |
1 - [""],
1 + [""]
  |
