---
source: tests/integration/conformance.rs
expression: output
---
command: "jjp"
status: 1
success: false
stdout ---
["",]
stderr ---
error: expected json value, found `]`
 --> stdin:1:5
  |
1 | ["",]
  |    -^
  |    |
  |    expected due to `,`
  |
help: consider removing the trailing comma
  |
1 - ["",]
1 + [""]
  |
