---
source: tests/integration/conformance.rs
expression: output.snapshot_display()
---
args: ["format", "--uglify"]
status: 1
success: false
stdin ---
["asd]
stdout ---

stderr ---
error: expected closing quote
 --> stdin:1:6
  |
1 | ["asd]
  |  -   ^
  |  |
  |  opening quote found here
  |
help: insert the missing closing quote
  |
1 | ["asd]"
  |       +
