---
source: tests/integration/conformance.rs
expression: output.snapshot_display()
---
args: ["format", "--uglify"]
status: 1
success: false
stdin ---
{"a" "b"}
stdout ---

stderr ---
error: expected colon after key, found `"b"`
 --> stdin:1:6
  |
1 | {"a" "b"}
  |  --- ^^^
  |  |
  |  expected due to `"a"`
  |
help: insert the missing colon
  |
1 | {"a":  "b"}
  |     +
