---
source: tests/integration/conformance.rs
expression: output
---
args: ["format"]
status: 1
success: false
stdin ---
["\uqqqq"]
stdout ---

stderr ---
error: expected hex digit 1 of 4 in escape, found `q`
 --> stdin:1:5
  |
1 | ["\uqqqq"]
  |  ---^
  |  ||
  |  |\u escape started here
  |  opening quote found here
