---
source: tests/integration/conformance.rs
expression: output
---
args: []
status: 1
success: false
stdout ---
["\u00A"]
stderr ---
error: expected hex digit 4 of 4 in escape, found `"`
 --> stdin:1:8
  |
1 | ["\u00A"]
  |  ---   ^
  |  ||
  |  |\u escape started here
  |  opening quote found here
