---
source: tests/integration/conformance.rs
expression: output
---
args: []
status: 1
success: false
stdout ---
{ "foo" : "bar", "a" }
stderr ---
error: expected colon after key, found `}`
 --> stdin:1:22
  |
1 | { "foo" : "bar", "a" }
  |                  --- ^
  |                  |
  |                  expected due to `"a"`
  |
help: insert colon and placeholder value
  |
1 | { "foo" : "bar", "a": "🐟🛹" }
  |                     ++++++++
