---
source: tests/integration/conformance.rs
expression: output
---
args: []
status: 1
success: false
stdin ---
["a"
stdout ---

stderr ---
error: expected entry or closed delimiter `]`, found no significant characters
 --> stdin:1:4
  |
1 | ["a"
  | -  ^
  | |
  | expected due to `[`
  |
help: insert the missing closed delimiter `]`
  |
1 | ["a"]
  |     +
