---
source: tests/integration/conformance.rs
expression: output
---
args: []
status: 1
success: false
stdout ---
{"a": true} "x"
stderr ---
error: unexpected token `"x"` after json finished
 --> stdin:1:13
  |
1 | {"a": true} "x"
  |             ^^^
  |
help: consider removing the trailing content (starting with `"x"`)
  |
1 - {"a": true} "x"
1 + {"a": true} 
  |
