---
source: tests/integration/parse_failure.rs
expression: output
---
command: "jjp"
status: 1
success: false
stdout ---
[
stderr ---
error: expected entry or closed delimiter `]`, found no significant characters
 --> stdin:1:1
  |
1 | [
  | ^
  | |
  | expected due to `[`
  |
help: insert the missing closed delimiter `]`
  |
1 | []
  |  +
