---
source: tests/integration/conformance.rs
expression: output.snapshot_display()
---
args: ["format", "--uglify"]
status: 1
success: false
stdin ---
1]
stdout ---

stderr ---
error: unexpected token `]` after json finished
 --> stdin:1:2
  |
1 | 1]
  |  ^
  |
help: consider removing the trailing content (starting with `]`)
  |
1 - 1]
1 + 1
  |
