---
source: tests/integration/conformance.rs
expression: output.snapshot_display()
---
args: ["format"]
status: 1
success: false
stdin ---
[1.0e-]
stdout ---

stderr ---
error: expected digit after exponent indicator, found `]`
 --> stdin:1:7
  |
1 | [1.0e-]
  |  -----^
  |  |  |
  |  |  exponent indicator found here
  |  number with exponent found here
