---
source: tests/integration/conformance.rs
expression: output
---
command: "jjp"
status: 1
success: false
stdout ---
{"a":"a" 123}
stderr ---
error: expected comma or closed curly brace, found `123`
 --> stdin:1:10
  |
1 | {"a":"a" 123}
  | -   ---- ^^^
  | |   |
  | |   expected due to the preceding key/value pair
  | object opened here by `{`
