---
source: tests/integration/conformance.rs
expression: output
---
args: []
status: 1
success: false
stdout ---
{"a":"b",,"c":"d"}
stderr ---
error: expected key, found `,`
 --> stdin:1:10
  |
1 | {"a":"b",,"c":"d"}
  |         -^
  |         |
  |         expected due to `,`
  |
help: consider removing the trailing comma
  |
1 - {"a":"b",,"c":"d"}
1 + {"a":"b","c":"d"}
  |
