---
source: tests/integration/conformance.rs
expression: output
---
args: []
status: 1
success: false
stdout ---
[1,
1
,1
stderr ---
error: expected entry or closed delimiter `]`, found no significant characters
 --> stdin:3:2
  |
1 | [1,
  | - expected due to `[`
2 | 1
3 | ,1
  |  ^
  |
help: insert the missing closed delimiter `]`
  |
3 | ,1]
  |   +
